[21:52:30] [Server thread/INFO]: Starting minecraft server version 1.8.8
[21:52:30] [Server thread/INFO]: Loading properties
[21:52:30] [Server thread/INFO]: Default game type: SURVIVAL
[21:52:30] [Server thread/INFO]: This server is running CraftBukkit version git-PaperSpigot-445 (MC: 1.8.8) (Implementing API version 1.8.8-R0.1-SNAPSHOT)
[21:52:30] [Server thread/INFO]: Unable to find file banned-players.json, creating it.
[21:52:30] [Server thread/INFO]: Unable to find file banned-ips.json, creating it.
[21:52:30] [Server thread/INFO]: Unable to find file ops.json, creating it.
[21:52:30] [Server thread/INFO]: Unable to find file whitelist.json, creating it.
[21:52:30] [Server thread/INFO]: Spigot Timings: true - Verbose: true - Interval: 5m - Length: 60m
[21:52:30] [Server thread/INFO]: Using 4 threads for Netty based IO
[21:52:30] [Server thread/INFO]: Server Ping Player Sample Count: 12
[21:52:30] [Server thread/INFO]: Debug logging is disabled
[21:52:30] [Server thread/INFO]: Data value allowed items: 
[21:52:30] [Server thread/INFO]: Generating keypair
[21:52:31] [Server thread/INFO]: Starting Minecraft server on *:25565
[21:52:31] [Server thread/INFO]: Using default channel type
[21:52:31] [Server thread/WARN]: **** SERVER IS RUNNING IN OFFLINE/INSECURE MODE!
[21:52:31] [Server thread/WARN]: The server will make no attempt to authenticate usernames. Beware.
[21:52:31] [Server thread/WARN]: While this makes the game possible to play without internet access, it also opens up the ability for hackers to connect with any username they choose.
[21:52:31] [Server thread/WARN]: To change this, set "online-mode" to "true" in the server.properties file.
[21:52:31] [Server thread/INFO]: **** Beginning UUID conversion, this may take A LONG time ****
[21:52:31] [Server thread/INFO]: Preparing level "world"
[21:52:31] [Server thread/INFO]: -------- World Settings For [world] --------
[21:52:31] [Server thread/INFO]: Allow Zombie Pigmen to spawn from portal blocks: true
[21:52:31] [Server thread/INFO]: Zombie Aggressive Towards Villager: true
[21:52:31] [Server thread/INFO]: Hopper Transfer: 8 Hopper Check: 8 Hopper Amount: 1
[21:52:31] [Server thread/INFO]: Anti X-Ray: true
[21:52:31] [Server thread/INFO]: 	Engine Mode: 1
[21:52:31] [Server thread/INFO]: 	Hidden Blocks: [14, 15, 16, 21, 48, 49, 54, 56, 73, 74, 82, 129, 130]
[21:52:31] [Server thread/INFO]: 	Replace Blocks: [1, 5]
[21:52:31] [Server thread/INFO]: Experience Merge Radius: 3.0
[21:52:31] [Server thread/INFO]: View Distance: 3
[21:52:31] [Server thread/INFO]: Arrow Despawn Rate: 1200
[21:52:31] [Server thread/INFO]: Item Despawn Rate: 6000
[21:52:31] [Server thread/INFO]: Item Merge Radius: 2.5
[21:52:31] [Server thread/INFO]: Chunks to Grow per Tick: 650
[21:52:31] [Server thread/INFO]: Clear tick list: false
[21:52:31] [Server thread/INFO]: Mob Spawn Range: 4
[21:52:31] [Server thread/INFO]: Nerfing mobs spawned from spawners: false
[21:52:31] [Server thread/INFO]: Cactus Growth Modifier: 100%
[21:52:31] [Server thread/INFO]: Cane Growth Modifier: 100%
[21:52:31] [Server thread/INFO]: Melon Growth Modifier: 100%
[21:52:31] [Server thread/INFO]: Mushroom Growth Modifier: 100%
[21:52:31] [Server thread/INFO]: Pumpkin Growth Modifier: 100%
[21:52:31] [Server thread/INFO]: Sapling Growth Modifier: 100%
[21:52:31] [Server thread/INFO]: Wheat Growth Modifier: 100%
[21:52:31] [Server thread/INFO]: NetherWart Growth Modifier: 100%
[21:52:31] [Server thread/INFO]: Entity Activation Range: An 32 / Mo 32 / Mi 16
[21:52:31] [Server thread/INFO]: Entity Tracking Range: Pl 48 / An 48 / Mo 48 / Mi 32 / Other 64
[21:52:31] [Server thread/INFO]: Random Lighting Updates: false
[21:52:31] [Server thread/INFO]: Structure Info Saving: true
[21:52:31] [Server thread/INFO]: Sending up to 10 chunks per packet
[21:52:31] [Server thread/INFO]: Max Entity Collisions: 8
[21:52:31] [Server thread/INFO]: Custom Map Seeds:  Village: 10387312 Feature: 14357617
[21:52:31] [Server thread/INFO]: Max TNT Explosions: 100
[21:52:31] [Server thread/INFO]: Tile Max Tick Time: 50ms Entity max Tick Time: 50ms
[21:52:31] [Server thread/INFO]: -------- World Settings For [world] --------
[21:52:31] [Server thread/INFO]: Remove invalid mob spawner tile entities: true
[21:52:31] [Server thread/INFO]: Player blocking damage multiplier set to 0.5
[21:52:31] [Server thread/INFO]: Allow undead horse types to be leashed: false
[21:52:31] [Server thread/INFO]: Fix TNT cannons: false
[21:52:31] [Server thread/INFO]: Water over lava flow speed: 5
[21:52:31] [Server thread/INFO]: WorldServer TickNextTick cap set at 10000
[21:52:31] [Server thread/INFO]: WorldServer TickNextTickList cap always processes redstone: false
[21:52:31] [Server thread/INFO]: Keep spawn chunk loaded: true
[21:52:31] [Server thread/INFO]: World async lighting: false
[21:52:31] [Server thread/INFO]: Squids will spawn between Y: 45.0 and Y: 63.0
[21:52:31] [Server thread/INFO]: Max height for cactus growth 3. Max height for reed growth 3
[21:52:31] [Server thread/INFO]: Living Entity Despawn Ranges:  Soft: 32 Hard: 128
[21:52:31] [Server thread/INFO]: Preparing start region for level 0 (Seed: 8485268581477546775)
[21:52:32] [Server thread/INFO]: Done (0.934s)! For help, type "help" or "?"
[21:52:32] [Server thread/INFO]: Timings Reset
[21:52:53] [Thread-2/INFO]: Stopping server
[21:52:53] [Thread-2/INFO]: Saving players
