Loading libraries, please wait...
[CAP] [21:52:30 INFO]: Starting minecraft server version 1.8.8
[21:52:30 INFO]: Starting minecraft server version 1.8.8
[CAP] [21:52:30 INFO]: Loading properties
[21:52:30 INFO]: Loading properties
[CAP] [21:52:30 INFO]: Default game type: SURVIVAL
[21:52:30 INFO]: Default game type: SURVIVAL
[CAP] [21:52:30 INFO]: This server is running CraftBukkit version git-PaperSpigot-445 (MC: 1.8.8) (Implementing API version 1.8.8-R0.1-SNAPSHOT)
[21:52:30 INFO]: This server is running CraftBukkit version git-PaperSpigot-445 (MC: 1.8.8) (Implementing API version 1.8.8-R0.1-SNAPSHOT)
[CAP] [21:52:30 INFO]: Unable to find file banned-players.json, creating it.
[21:52:30 INFO]: Unable to find file banned-players.json, creating it.
[21:52:30 INFO]: Unable to find file banned-ips.json, creating it.
[CAP] [21:52:30 INFO]: Unable to find file banned-ips.json, creating it.
[CAP] [21:52:30 INFO]: Unable to find file ops.json, creating it.
[21:52:30 INFO]: Unable to find file ops.json, creating it.
[CAP] [21:52:30 INFO]: Unable to find file whitelist.json, creating it.
[21:52:30 INFO]: Unable to find file whitelist.json, creating it.
[21:52:30 INFO]: Spigot Timings: true - Verbose: true - Interval: 5m - Length: 60m
[CAP] [21:52:30 INFO]: Spigot Timings: true - Verbose: true - Interval: 5m - Length: 60m
[CAP] [21:52:30 INFO]: Using 4 threads for Netty based IO
[21:52:30 INFO]: Using 4 threads for Netty based IO
[CAP] [21:52:30 INFO]: Server Ping Player Sample Count: 12
[21:52:30 INFO]: Server Ping Player Sample Count: 12
[21:52:30 INFO]: Debug logging is disabled
[CAP] [21:52:30 INFO]: Debug logging is disabled
[CAP] [21:52:30 INFO]: Data value allowed items: 
[21:52:30 INFO]: Data value allowed items: 
[21:52:30 INFO]: Generating keypair
[CAP] [21:52:30 INFO]: Generating keypair
[CAP] [21:52:31 INFO]: Starting Minecraft server on *:25565
[21:52:31 INFO]: Starting Minecraft server on *:25565
[21:52:31 INFO]: Using default channel type
[CAP] [21:52:31 INFO]: Using default channel type
[21:52:31 WARN]: **** SERVER IS RUNNING IN OFFLINE/INSECURE MODE!
[CAP] [21:52:31 WARN]: **** SERVER IS RUNNING IN OFFLINE/INSECURE MODE!
[CAP] [21:52:31 WARN]: The server will make no attempt to authenticate usernames. Beware.
[21:52:31 WARN]: The server will make no attempt to authenticate usernames. Beware.
[CAP] [21:52:31 WARN]: While this makes the game possible to play without internet access, it also opens up the ability for hackers to connect with any username they choose.
[21:52:31 WARN]: While this makes the game possible to play without internet access, it also opens up the ability for hackers to connect with any username they choose.
[CAP] [21:52:31 WARN]: To change this, set "online-mode" to "true" in the server.properties file.
[21:52:31 WARN]: To change this, set "online-mode" to "true" in the server.properties file.
[CAP] [21:52:31 INFO]: **** Beginning UUID conversion, this may take A LONG time ****
[21:52:31 INFO]: **** Beginning UUID conversion, this may take A LONG time ****
[21:52:31 INFO]: Preparing level "world"
[CAP] [21:52:31 INFO]: Preparing level "world"
[CAP] [21:52:31 INFO]: -------- World Settings For [world] --------
[21:52:31 INFO]: -------- World Settings For [world] --------
[CAP] [21:52:31 INFO]: Allow Zombie Pigmen to spawn from portal blocks: true
[21:52:31 INFO]: Allow Zombie Pigmen to spawn from portal blocks: true
[CAP] [21:52:31 INFO]: Zombie Aggressive Towards Villager: true
[21:52:31 INFO]: Zombie Aggressive Towards Villager: true
[CAP] [21:52:31 INFO]: Hopper Transfer: 8 Hopper Check: 8 Hopper Amount: 1
[21:52:31 INFO]: Hopper Transfer: 8 Hopper Check: 8 Hopper Amount: 1
[CAP] [21:52:31 INFO]: Anti X-Ray: true
[21:52:31 INFO]: Anti X-Ray: true
[CAP] [21:52:31 INFO]: 	Engine Mode: 1
[21:52:31 INFO]: 	Engine Mode: 1
[CAP] [21:52:31 INFO]: 	Hidden Blocks: [14, 15, 16, 21, 48, 49, 54, 56, 73, 74, 82, 129, 130]
[21:52:31 INFO]: 	Hidden Blocks: [14, 15, 16, 21, 48, 49, 54, 56, 73, 74, 82, 129, 130]
[CAP] [21:52:31 INFO]: 	Replace Blocks: [1, 5]
[21:52:31 INFO]: 	Replace Blocks: [1, 5]
[21:52:31 INFO]: Experience Merge Radius: 3.0
[CAP] [21:52:31 INFO]: Experience Merge Radius: 3.0
[21:52:31 INFO]: View Distance: 3
[CAP] [21:52:31 INFO]: View Distance: 3
[21:52:31 INFO]: Arrow Despawn Rate: 1200
[CAP] [21:52:31 INFO]: Arrow Despawn Rate: 1200
[21:52:31 INFO]: Item Despawn Rate: 6000
[CAP] [21:52:31 INFO]: Item Despawn Rate: 6000
[CAP] [21:52:31 INFO]: Item Merge Radius: 2.5
[21:52:31 INFO]: Item Merge Radius: 2.5
[21:52:31 INFO]: Chunks to Grow per Tick: 650
[CAP] [21:52:31 INFO]: Chunks to Grow per Tick: 650
[21:52:31 INFO]: Clear tick list: false
[CAP] [21:52:31 INFO]: Clear tick list: false
[21:52:31 INFO]: Mob Spawn Range: 4
[CAP] [21:52:31 INFO]: Mob Spawn Range: 4
[CAP] [21:52:31 INFO]: Nerfing mobs spawned from spawners: false
[21:52:31 INFO]: Nerfing mobs spawned from spawners: false
[CAP] [21:52:31 INFO]: Cactus Growth Modifier: 100%
[21:52:31 INFO]: Cactus Growth Modifier: 100%
[CAP] [21:52:31 INFO]: Cane Growth Modifier: 100%
[21:52:31 INFO]: Cane Growth Modifier: 100%
[CAP] [21:52:31 INFO]: Melon Growth Modifier: 100%
[21:52:31 INFO]: Melon Growth Modifier: 100%
[21:52:31 INFO]: Mushroom Growth Modifier: 100%
[CAP] [21:52:31 INFO]: Mushroom Growth Modifier: 100%
[CAP] [21:52:31 INFO]: Pumpkin Growth Modifier: 100%
[21:52:31 INFO]: Pumpkin Growth Modifier: 100%
[CAP] [21:52:31 INFO]: Sapling Growth Modifier: 100%
[21:52:31 INFO]: Sapling Growth Modifier: 100%
[21:52:31 INFO]: Wheat Growth Modifier: 100%
[CAP] [21:52:31 INFO]: Wheat Growth Modifier: 100%
[21:52:31 INFO]: NetherWart Growth Modifier: 100%
[CAP] [21:52:31 INFO]: NetherWart Growth Modifier: 100%
[CAP] [21:52:31 INFO]: Entity Activation Range: An 32 / Mo 32 / Mi 16
[21:52:31 INFO]: Entity Activation Range: An 32 / Mo 32 / Mi 16
[21:52:31 INFO]: Entity Tracking Range: Pl 48 / An 48 / Mo 48 / Mi 32 / Other 64
[CAP] [21:52:31 INFO]: Entity Tracking Range: Pl 48 / An 48 / Mo 48 / Mi 32 / Other 64
[CAP] [21:52:31 INFO]: Random Lighting Updates: false
[21:52:31 INFO]: Random Lighting Updates: false
[CAP] [21:52:31 INFO]: Structure Info Saving: true
[21:52:31 INFO]: Structure Info Saving: true
[CAP] [21:52:31 INFO]: Sending up to 10 chunks per packet
[21:52:31 INFO]: Sending up to 10 chunks per packet
[21:52:31 INFO]: Max Entity Collisions: 8
[CAP] [21:52:31 INFO]: Max Entity Collisions: 8
[21:52:31 INFO]: Custom Map Seeds:  Village: 10387312 Feature: 14357617
[CAP] [21:52:31 INFO]: Custom Map Seeds:  Village: 10387312 Feature: 14357617
[CAP] [21:52:31 INFO]: Max TNT Explosions: 100
[21:52:31 INFO]: Max TNT Explosions: 100
[CAP] [21:52:31 INFO]: Tile Max Tick Time: 50ms Entity max Tick Time: 50ms
[21:52:31 INFO]: Tile Max Tick Time: 50ms Entity max Tick Time: 50ms
[21:52:31 INFO]: -------- World Settings For [world] --------
[CAP] [21:52:31 INFO]: -------- World Settings For [world] --------
[21:52:31 INFO]: Remove invalid mob spawner tile entities: true
[CAP] [21:52:31 INFO]: Remove invalid mob spawner tile entities: true
[21:52:31 INFO]: Player blocking damage multiplier set to 0.5
[CAP] [21:52:31 INFO]: Player blocking damage multiplier set to 0.5
[CAP] [21:52:31 INFO]: Allow undead horse types to be leashed: false
[21:52:31 INFO]: Allow undead horse types to be leashed: false
[CAP] [21:52:31 INFO]: Fix TNT cannons: false
[21:52:31 INFO]: Fix TNT cannons: false
[CAP] [21:52:31 INFO]: Water over lava flow speed: 5
[21:52:31 INFO]: Water over lava flow speed: 5
[CAP] [21:52:31 INFO]: WorldServer TickNextTick cap set at 10000
[21:52:31 INFO]: WorldServer TickNextTick cap set at 10000
[21:52:31 INFO]: WorldServer TickNextTickList cap always processes redstone: false
[CAP] [21:52:31 INFO]: WorldServer TickNextTickList cap always processes redstone: false
[21:52:31 INFO]: Keep spawn chunk loaded: true
[CAP] [21:52:31 INFO]: Keep spawn chunk loaded: true
[21:52:31 INFO]: World async lighting: false
[CAP] [21:52:31 INFO]: World async lighting: false
[CAP] [21:52:31 INFO]: Squids will spawn between Y: 45.0 and Y: 63.0
[21:52:31 INFO]: Squids will spawn between Y: 45.0 and Y: 63.0
[21:52:31 INFO]: Max height for cactus growth 3. Max height for reed growth 3
[CAP] [21:52:31 INFO]: Max height for cactus growth 3. Max height for reed growth 3
[CAP] [21:52:31 INFO]: Living Entity Despawn Ranges:  Soft: 32 Hard: 128
[21:52:31 INFO]: Living Entity Despawn Ranges:  Soft: 32 Hard: 128
[CAP] [21:52:31 INFO]: Preparing start region for level 0 (Seed: 8485268581477546775)
[21:52:31 INFO]: Preparing start region for level 0 (Seed: 8485268581477546775)
[CAP] [21:52:32 INFO]: Done (0.934s)! For help, type "help" or "?"
[21:52:32 INFO]: Done (0.934s)! For help, type "help" or "?"
[CAP] [21:52:32 INFO]: Timings Reset
[21:52:32 INFO]: Timings Reset
[CAP] [21:52:53 INFO]: Stopping server
[21:52:53 INFO]: Stopping server
[21:52:53 INFO]: Saving players
[CAP] [21:52:53 INFO]: Saving players
